
> personal-learning-intelligence-system@1.0.0 build
> vite build

[36mvite v5.4.21 [32mbuilding for production...[36m[39m
transforming...
[32mΓ£ô[39m 2538 modules transformed.
rendering chunks...
computing gzip size...
[2mdist/[22m[32mindex.html                                            [39m[1m[2m    0.98 kB[22m[1m[22m[2m Γöé gzip:   0.53 kB[22m
[2mdist/[22m[32massets/Assistant-SemiBold-SCI4bEL9.woff2              [39m[1m[2m   20.21 kB[22m[1m[22m
[2mdist/[22m[32massets/Assistant-Regular-DVxZuzxb.woff2               [39m[1m[2m   20.23 kB[22m[1m[22m
[2mdist/[22m[32massets/Assistant-Medium-DrcxCXg3.woff2                [39m[1m[2m   20.32 kB[22m[1m[22m
[2mdist/[22m[32massets/Assistant-Bold-gm-uSS1B.woff2                  [39m[1m[2m   20.38 kB[22m[1m[22m
[2mdist/[22m[32massets/synaptiq-logo-cropped-CkMxxzW1.png             [39m[1m[2m   32.50 kB[22m[1m[22m
[2mdist/[22m[35massets/index-_ACOa6zn.css                             [39m[1m[2m  222.06 kB[22m[1m[22m[2m Γöé gzip:  34.41 kB[22m
[2mdist/[22m[36massets/clone-81cNLaaf.js                              [39m[1m[2m    0.09 kB[22m[1m[22m[2m Γöé gzip:   0.11 kB[22m
[2mdist/[22m[36massets/channel-BBSzE45E.js                            [39m[1m[2m    0.11 kB[22m[1m[22m[2m Γöé gzip:   0.12 kB[22m
[2mdist/[22m[36massets/Tableau10-B-NsZVaP.js                          [39m[1m[2m    0.19 kB[22m[1m[22m[2m Γöé gzip:   0.18 kB[22m
[2mdist/[22m[36massets/_commonjs-dynamic-modules-TDtrdbi3.js          [39m[1m[2m    0.24 kB[22m[1m[22m[2m Γöé gzip:   0.19 kB[22m
[2mdist/[22m[36massets/subset-worker.chunk-Cw9SMmDu.js                [39m[1m[2m    0.38 kB[22m[1m[22m[2m Γöé gzip:   0.29 kB[22m
[2mdist/[22m[36massets/file-open-7c801643-684qeFg4.js                 [39m[1m[2m    0.45 kB[22m[1m[22m[2m Γöé gzip:   0.32 kB[22m
[2mdist/[22m[36massets/file-open-002ab408-DIuFHtCF.js                 [39m[1m[2m    0.54 kB[22m[1m[22m[2m Γöé gzip:   0.33 kB[22m
[2mdist/[22m[36massets/directory-open-01563666-DWU9wJ6I.js            [39m[1m[2m    0.59 kB[22m[1m[22m[2m Γöé gzip:   0.36 kB[22m
[2mdist/[22m[36massets/flowDiagram-v2-96b9c2cf-DpHZfq5E.js            [39m[1m[2m    0.68 kB[22m[1m[22m[2m Γöé gzip:   0.40 kB[22m
[2mdist/[22m[36massets/file-save-3189631c-x92wctJd.js                 [39m[1m[2m    0.71 kB[22m[1m[22m[2m Γöé gzip:   0.46 kB[22m
[2mdist/[22m[36massets/file-save-745eba88-Bb9F9Kg7.js                 [39m[1m[2m    0.87 kB[22m[1m[22m[2m Γöé gzip:   0.50 kB[22m
[2mdist/[22m[36massets/svgDrawCommon-08f97a94-Di4Ep-oV.js             [39m[1m[2m    1.35 kB[22m[1m[22m[2m Γöé gzip:   0.58 kB[22m
[2mdist/[22m[36massets/directory-open-4ed118d0-BzWybGaI.js            [39m[1m[2m    1.55 kB[22m[1m[22m[2m Γöé gzip:   0.79 kB[22m
[2mdist/[22m[36massets/roundRect-0PYZxl1G.js                          [39m[1m[2m    3.05 kB[22m[1m[22m[2m Γöé gzip:   1.08 kB[22m
[2mdist/[22m[36massets/arc-Dyjm_4-3.js                                [39m[1m[2m    3.42 kB[22m[1m[22m[2m Γöé gzip:   1.46 kB[22m
[2mdist/[22m[36massets/stateDiagram-v2-d93cdb3a-B1H_HND5.js           [39m[1m[2m    4.81 kB[22m[1m[22m[2m Γöé gzip:   2.29 kB[22m
[2mdist/[22m[36massets/classDiagram-v2-f2320105-BEzbtFm9.js           [39m[1m[2m    4.95 kB[22m[1m[22m[2m Γöé gzip:   2.18 kB[22m
[2mdist/[22m[36massets/si-LK-N5RQ5JYF-Bs4qHUm3.js                     [39m[1m[2m    7.98 kB[22m[1m[22m[2m Γöé gzip:   3.33 kB[22m
[2mdist/[22m[36massets/zh-HK-E62DVLB3-B28dxtxC.js                     [39m[1m[2m    8.16 kB[22m[1m[22m[2m Γöé gzip:   4.06 kB[22m
[2mdist/[22m[36massets/az-AZ-76LH7QW2-DahrSxqN.js                     [39m[1m[2m    8.47 kB[22m[1m[22m[2m Γöé gzip:   3.55 kB[22m
[2mdist/[22m[36massets/infoDiagram-f8f76790-DsdKNYCO.js               [39m[1m[2m    8.62 kB[22m[1m[22m[2m Γöé gzip:   3.24 kB[22m
[2mdist/[22m[36massets/kk-KZ-P5N5QNE5-GaAwpAP8.js                     [39m[1m[2m    8.98 kB[22m[1m[22m[2m Γöé gzip:   4.17 kB[22m
[2mdist/[22m[36massets/classDiagram-70f12bd4-vJls0GcM.js              [39m[1m[2m    9.18 kB[22m[1m[22m[2m Γöé gzip:   2.84 kB[22m
[2mdist/[22m[36massets/kaa-6HZHGXH3-B095hWAj.js                       [39m[1m[2m    9.92 kB[22m[1m[22m[2m Γöé gzip:   4.15 kB[22m
[2mdist/[22m[36massets/stateDiagram-587899a1-cuQONbon.js              [39m[1m[2m   10.07 kB[22m[1m[22m[2m Γöé gzip:   3.47 kB[22m
[2mdist/[22m[36massets/styles-c10674c1-BANskbik.js                    [39m[1m[2m   10.08 kB[22m[1m[22m[2m Γöé gzip:   3.70 kB[22m
[2mdist/[22m[36massets/th-TH-HPSO5L25-CS_p9Mqw.js                     [39m[1m[2m   10.43 kB[22m[1m[22m[2m Γöé gzip:   5.16 kB[22m
[2mdist/[22m[36massets/my-MM-5M5IBNSE-ByfuHas8.js                     [39m[1m[2m   11.12 kB[22m[1m[22m[2m Γöé gzip:   5.29 kB[22m
[2mdist/[22m[36massets/index-3862675e-TS-W4JEK.js                     [39m[1m[2m   12.02 kB[22m[1m[22m[2m Γöé gzip:   4.14 kB[22m
[2mdist/[22m[36massets/zh-CN-LNUGB5OW-DE9taFFT.js                     [39m[1m[2m   12.23 kB[22m[1m[22m[2m Γöé gzip:   8.86 kB[22m
[2mdist/[22m[36massets/lt-LT-XHIRWOB4-C0py-lq9.js                     [39m[1m[2m   12.23 kB[22m[1m[22m[2m Γöé gzip:   5.33 kB[22m
[2mdist/[22m[36massets/vi-VN-M7AON7JQ-Dp3DRIiD.js                     [39m[1m[2m   12.26 kB[22m[1m[22m[2m Γöé gzip:   5.76 kB[22m
[2mdist/[22m[36massets/zh-TW-RAJ6MFWO-CFdzjHPo.js                     [39m[1m[2m   12.35 kB[22m[1m[22m[2m Γöé gzip:   8.84 kB[22m
[2mdist/[22m[36massets/ja-JP-DBVTYXUO-3LWYylKe.js                     [39m[1m[2m   13.54 kB[22m[1m[22m[2m Γöé gzip:   8.79 kB[22m
[2mdist/[22m[36massets/bn-BD-2XOGV67Q-Dlcgm78t.js                     [39m[1m[2m   13.58 kB[22m[1m[22m[2m Γöé gzip:   6.68 kB[22m
[2mdist/[22m[36massets/da-DK-5WZEPLOC-Djahz_OF.js                     [39m[1m[2m   14.25 kB[22m[1m[22m[2m Γöé gzip:   6.03 kB[22m
[2mdist/[22m[36massets/ko-KR-MTYHY66A-Bv9U_vaG.js                     [39m[1m[2m   14.60 kB[22m[1m[22m[2m Γöé gzip:   9.15 kB[22m
[2mdist/[22m[36massets/he-IL-6SHJWFNN-DYGMscrm.js                     [39m[1m[2m   14.81 kB[22m[1m[22m[2m Γöé gzip:   7.54 kB[22m
[2mdist/[22m[36massets/bg-BG-XCXSNQG7-CDFgrLfh.js                     [39m[1m[2m   14.82 kB[22m[1m[22m[2m Γöé gzip:   7.35 kB[22m
[2mdist/[22m[36massets/pieDiagram-8a3498a8-D1f77Wpn.js                [39m[1m[2m   14.91 kB[22m[1m[22m[2m Γöé gzip:   5.58 kB[22m
[2mdist/[22m[36massets/pa-IN-N4M65BXN-Bc-TxWpT.js                     [39m[1m[2m   15.54 kB[22m[1m[22m[2m Γöé gzip:   7.96 kB[22m
[2mdist/[22m[36massets/nn-NO-6E72VCQL-DNZoRsDi.js                     [39m[1m[2m   15.81 kB[22m[1m[22m[2m Γöé gzip:   6.68 kB[22m
[2mdist/[22m[36massets/nl-NL-IS3SIHDZ-Catr3QqZ.js                     [39m[1m[2m   16.70 kB[22m[1m[22m[2m Γöé gzip:   6.89 kB[22m
[2mdist/[22m[36massets/hu-HU-A5ZG7DT2-DDPjQhni.js                     [39m[1m[2m   17.00 kB[22m[1m[22m[2m Γöé gzip:   7.55 kB[22m
[2mdist/[22m[36massets/fa-IR-HGAKTJCU-ChjoNN0z.js                     [39m[1m[2m   17.00 kB[22m[1m[22m[2m Γöé gzip:   8.43 kB[22m
[2mdist/[22m[36massets/hi-IN-IWLTKZ5I-CoX1OWlS.js                     [39m[1m[2m   17.26 kB[22m[1m[22m[2m Γöé gzip:   9.14 kB[22m
[2mdist/[22m[36massets/graph-qAjW0-PJ.js                              [39m[1m[2m   17.49 kB[22m[1m[22m[2m Γöé gzip:   6.29 kB[22m
[2mdist/[22m[36massets/ta-IN-2NMHFXQM-DUXNakn_.js                     [39m[1m[2m   17.69 kB[22m[1m[22m[2m Γöé gzip:   8.54 kB[22m
[2mdist/[22m[36massets/ar-SA-G6X2FPQ2-B_EDrbvb.js                     [39m[1m[2m   17.78 kB[22m[1m[22m[2m Γöé gzip:   9.10 kB[22m
[2mdist/[22m[36massets/kab-KAB-ZGHBKWFO-BM-Keafw.js                   [39m[1m[2m   17.88 kB[22m[1m[22m[2m Γöé gzip:   7.50 kB[22m
[2mdist/[22m[36massets/fi-FI-Z5N7JZ37-CVDa_Plo.js                     [39m[1m[2m   17.89 kB[22m[1m[22m[2m Γöé gzip:   7.49 kB[22m
[2mdist/[22m[36massets/km-KH-HSX4SM5Z-B2uu14PS.js                     [39m[1m[2m   18.05 kB[22m[1m[22m[2m Γöé gzip:   9.28 kB[22m
[2mdist/[22m[36massets/lv-LV-5QDEKY6T-BwZ_3o7i.js                     [39m[1m[2m   18.17 kB[22m[1m[22m[2m Γöé gzip:   7.75 kB[22m
[2mdist/[22m[36massets/tr-TR-DEFEU3FU-BodQpxqx.js                     [39m[1m[2m   18.39 kB[22m[1m[22m[2m Γöé gzip:   7.93 kB[22m
[2mdist/[22m[36massets/cs-CZ-2BRQDIVT-DCPF5VbK.js                     [39m[1m[2m   18.43 kB[22m[1m[22m[2m Γöé gzip:   8.36 kB[22m
[2mdist/[22m[36massets/gl-ES-HMX3MZ6V-gYneYyBe.js                     [39m[1m[2m   19.16 kB[22m[1m[22m[2m Γöé gzip:   7.71 kB[22m
[2mdist/[22m[36massets/pt-PT-UZXXM6DQ-Df98sfrN.js                     [39m[1m[2m   19.33 kB[22m[1m[22m[2m Γöé gzip:   7.75 kB[22m
[2mdist/[22m[36massets/oc-FR-POXYY2M6-D4hE-OTZ.js                     [39m[1m[2m   19.38 kB[22m[1m[22m[2m Γöé gzip:   7.79 kB[22m
[2mdist/[22m[36massets/ku-TR-6OUDTVRD-P3HAeexZ.js                     [39m[1m[2m   19.55 kB[22m[1m[22m[2m Γöé gzip:   9.25 kB[22m
[2mdist/[22m[36massets/ca-ES-6MX7JW3Y-DncW0o5A.js                     [39m[1m[2m   19.56 kB[22m[1m[22m[2m Γöé gzip:   7.86 kB[22m
[2mdist/[22m[36massets/id-ID-SAP4L64H-_IuFV0LM.js                     [39m[1m[2m   19.67 kB[22m[1m[22m[2m Γöé gzip:   7.66 kB[22m
[2mdist/[22m[36massets/el-GR-BZB4AONW-CwuYPqVi.js                     [39m[1m[2m   19.76 kB[22m[1m[22m[2m Γöé gzip:   9.59 kB[22m
[2mdist/[22m[36massets/nb-NO-T6EIAALU-xLIh7kzJ.js                     [39m[1m[2m   19.88 kB[22m[1m[22m[2m Γöé gzip:   8.18 kB[22m
[2mdist/[22m[36massets/ru-RU-B4JR7IUQ-Xvpihp5z.js                     [39m[1m[2m   20.37 kB[22m[1m[22m[2m Γöé gzip:   9.87 kB[22m
[2mdist/[22m[36massets/pt-BR-5N22H2LF-D6hK_X3Z.js                     [39m[1m[2m   20.69 kB[22m[1m[22m[2m Γöé gzip:   8.17 kB[22m
[2mdist/[22m[36massets/uk-UA-QMV73CPH-BoJ9sIgl.js                     [39m[1m[2m   20.86 kB[22m[1m[22m[2m Γöé gzip:  10.10 kB[22m
[2mdist/[22m[36massets/mr-IN-CRQNXWMA-Cfbz0jnB.js                     [39m[1m[2m   20.88 kB[22m[1m[22m[2m Γöé gzip:  10.67 kB[22m
[2mdist/[22m[36massets/sl-SI-NN7IZMDC-B8SVnAHV.js                     [39m[1m[2m   21.00 kB[22m[1m[22m[2m Γöé gzip:   8.52 kB[22m
[2mdist/[22m[36massets/sk-SK-C5VTKIMK-KWGBba6C.js                     [39m[1m[2m   21.01 kB[22m[1m[22m[2m Γöé gzip:   9.06 kB[22m
[2mdist/[22m[36massets/sv-SE-XGPEYMSR-Cy-USOxZ.js                     [39m[1m[2m   21.01 kB[22m[1m[22m[2m Γöé gzip:   8.52 kB[22m
[2mdist/[22m[36massets/es-ES-U4NZUMDT-C_6FRiXK.js                     [39m[1m[2m   21.15 kB[22m[1m[22m[2m Γöé gzip:   8.43 kB[22m
[2mdist/[22m[36massets/sankeyDiagram-04a897e0-C_oxkUPU.js             [39m[1m[2m   21.19 kB[22m[1m[22m[2m Γöé gzip:   7.68 kB[22m
[2mdist/[22m[36massets/eu-ES-A7QVB2H4-BcyaN11c.js                     [39m[1m[2m   21.19 kB[22m[1m[22m[2m Γöé gzip:   8.19 kB[22m
[2mdist/[22m[36massets/flowDiagram-66a62f08-DYKUGc-R.js               [39m[1m[2m   21.58 kB[22m[1m[22m[2m Γöé gzip:   7.08 kB[22m
[2mdist/[22m[36massets/pl-PL-T2D74RX3-CaYrY73n.js                     [39m[1m[2m   21.65 kB[22m[1m[22m[2m Γöé gzip:   9.18 kB[22m
[2mdist/[22m[36massets/journeyDiagram-49397b02-CtJxKt8w.js            [39m[1m[2m   21.68 kB[22m[1m[22m[2m Γöé gzip:   7.62 kB[22m
[2mdist/[22m[36massets/it-IT-JPQ66NNP-BHErVfu9.js                     [39m[1m[2m   22.00 kB[22m[1m[22m[2m Γöé gzip:   8.54 kB[22m
[2mdist/[22m[36massets/ro-RO-JPDTUUEW-B3iaK6Fk.js                     [39m[1m[2m   22.39 kB[22m[1m[22m[2m Γöé gzip:   8.90 kB[22m
[2mdist/[22m[36massets/timeline-definition-85554ec2-Da7izr_D.js       [39m[1m[2m   22.63 kB[22m[1m[22m[2m Γöé gzip:   7.89 kB[22m
[2mdist/[22m[36massets/fr-FR-RHASNOE6-CzqMtbeM.js                     [39m[1m[2m   23.00 kB[22m[1m[22m[2m Γöé gzip:   8.85 kB[22m
[2mdist/[22m[36massets/de-DE-XR44H4JA-DQ5TRZmB.js                     [39m[1m[2m   23.09 kB[22m[1m[22m[2m Γöé gzip:   8.94 kB[22m
[2mdist/[22m[36massets/requirementDiagram-deff3bca-BiaYGMNl.js        [39m[1m[2m   24.57 kB[22m[1m[22m[2m Γöé gzip:   8.42 kB[22m
[2mdist/[22m[36massets/styles-6aaf32cf-piR7eQjA.js                    [39m[1m[2m   26.43 kB[22m[1m[22m[2m Γöé gzip:   8.45 kB[22m
[2mdist/[22m[36massets/layout-FhuO7Aq-.js                             [39m[1m[2m   28.85 kB[22m[1m[22m[2m Γöé gzip:  10.49 kB[22m
[2mdist/[22m[36massets/quadrantDiagram-120e2f19-BdpJ_W4e.js           [39m[1m[2m   29.38 kB[22m[1m[22m[2m Γöé gzip:   8.31 kB[22m
[2mdist/[22m[36massets/erDiagram-9861fffd-DGcnmVII.js                 [39m[1m[2m   30.75 kB[22m[1m[22m[2m Γöé gzip:   9.96 kB[22m
[2mdist/[22m[36massets/pica-XkdjwM7E.js                               [39m[1m[2m   32.43 kB[22m[1m[22m[2m Γöé gzip:  12.88 kB[22m
[2mdist/[22m[36massets/edges-e0da2a9e-CQqI3_wh.js                     [39m[1m[2m   34.37 kB[22m[1m[22m[2m Γöé gzip:   8.90 kB[22m
[2mdist/[22m[36massets/xychartDiagram-e933f94c-CIo8vd_m.js            [39m[1m[2m   35.86 kB[22m[1m[22m[2m Γöé gzip:   9.86 kB[22m
[2mdist/[22m[36massets/blockDiagram-38ab4fdb-B63uxQc6.js              [39m[1m[2m   37.61 kB[22m[1m[22m[2m Γöé gzip:  11.90 kB[22m
[2mdist/[22m[36massets/styles-9a916d00-CjaunGfD.js                    [39m[1m[2m   37.89 kB[22m[1m[22m[2m Γöé gzip:  12.59 kB[22m
[2mdist/[22m[36massets/gitGraphDiagram-72cf32ee-Bm-C7tCJ.js           [39m[1m[2m   38.77 kB[22m[1m[22m[2m Γöé gzip:  11.58 kB[22m
[2mdist/[22m[36massets/ganttDiagram-c361ad54-BDtQHAM8.js              [39m[1m[2m   45.25 kB[22m[1m[22m[2m Γöé gzip:  15.79 kB[22m
[2mdist/[22m[36massets/image-blob-reduce.esm-Bxt6WIEt.js              [39m[1m[2m   45.93 kB[22m[1m[22m[2m Γöé gzip:  16.78 kB[22m
[2mdist/[22m[36massets/flowDb-956e92f1-DiZpHHht.js                    [39m[1m[2m   46.80 kB[22m[1m[22m[2m Γöé gzip:  15.29 kB[22m
[2mdist/[22m[36massets/createText-2e5e7dd3-DAuFEgCO.js                [39m[1m[2m   60.19 kB[22m[1m[22m[2m Γöé gzip:  17.88 kB[22m
[2mdist/[22m[36massets/c4Diagram-3d4e48cf-DC5enQmm.js                 [39m[1m[2m   68.43 kB[22m[1m[22m[2m Γöé gzip:  19.16 kB[22m
[2mdist/[22m[36massets/sequenceDiagram-704730f1-B8Cd2mcw.js           [39m[1m[2m   84.12 kB[22m[1m[22m[2m Γöé gzip:  24.20 kB[22m
[2mdist/[22m[36massets/index-C5WYmvu1.js                              [39m[1m[2m  237.47 kB[22m[1m[22m[2m Γöé gzip:  66.73 kB[22m
[2mdist/[22m[36massets/katex-DkKDou_j.js                              [39m[1m[2m  256.23 kB[22m[1m[22m[2m Γöé gzip:  76.99 kB[22m
[2mdist/[22m[36massets/mindmap-definition-fc14e90a-DtiDPoIC.js        [39m[1m[33m  542.49 kB[39m[22m[2m Γöé gzip: 169.85 kB[22m
[2mdist/[22m[36massets/flowchart-elk-definition-4a651766-s8_2pAOA.js  [39m[1m[33m1,448.22 kB[39m[22m[2m Γöé gzip: 443.98 kB[22m
[2mdist/[22m[36massets/subset-shared.chunk-Cmsz7oek.js                [39m[1m[33m1,823.50 kB[39m[22m[2m Γöé gzip: 736.83 kB[22m
[2mdist/[22m[36massets/index-BlhadoOF.js                              [39m[1m[33m2,678.31 kB[39m[22m[2m Γöé gzip: 783.21 kB[22m
node.exe : [33m
At line:1 char:1
+ & "C:\Program Files\nodejs/node.exe" "C:\Program Files\nodejs/node_mo ...
+ ~~~~~~~~~~~~~~~~~~~~~~~~~~~~~~~~~~~~~~~~~~~~~~~~~~~~~~~~~~~~~~~~~~~~~
    + CategoryInfo          : NotSpecified: ([33m:String) [], RemoteException
    + FullyQualifiedErrorId : NativeCommandError
 
(!) Some chunks are larger than 500 kB after minification. Consider:
- Using dynamic import() to code-split the application
- Use build.rollupOptions.output.manualChunks to improve chunking: 
https://rollupjs.org/configuration-options/#output-manualchunks
- Adjust chunk size limit for this warning via build.chunkSizeWarningLimit.[39m
[32mΓ£ô built in 13.38s[39m
